[www.m3mgurgaon.co.in/m3m-commercial/indexb391.html]
[backblue.gif]
[fade.gif]
[index.html]
[www.m3mgurgaon.co.in/m3m-commercial/css/bootstrap.min.css]
[www.m3mgurgaon.co.in/m3m-commercial/css/main.css]
[www.m3mgurgaon.co.in/m3m-commercial/css/font-awesome.min.css]
[www.m3mgurgaon.co.in/m3m-commercial/css/viewer.css]
[www.m3mgurgaon.co.in/m3m-commercial/images/eco-offer.jpg]
[www.m3mgurgaon.co.in/m3m-commercial/js/jquery.min.js]
[www.m3mgurgaon.co.in/m3m-commercial/images/project-logo.png]
[www.m3mgurgaon.co.in/m3m-commercial/images/50-50-Payment-Plan.png]
[www.m3mgurgaon.co.in/m3m-commercial/images/m3m-corner-walk.jpg]
[www.m3mgurgaon.co.in/m3m-commercial/images/logo1.jpg]
[www.m3mgurgaon.co.in/m3m-commercial/images/sco-plots.jpg]
[www.m3mgurgaon.co.in/m3m-commercial/images/logo2.jpg]
[www.m3mgurgaon.co.in/m3m-commercial/images/m3m-sky-loft-banner.jpg]
[www.m3mgurgaon.co.in/m3m-commercial/images/logo3.jpg]
[www.m3mgurgaon.co.in/m3m-commercial/images/M3M-Broadway-banner.jpg]
[www.m3mgurgaon.co.in/m3m-commercial/images/logo4.jpg]
[www.m3mgurgaon.co.in/m3m-commercial/images/65avenue1.jpg]
[www.m3mgurgaon.co.in/m3m-commercial/images/logo5.jpg]
[www.m3mgurgaon.co.in/m3m-commercial/images/M3M-commercial.jpg]
[www.m3mgurgaon.co.in/m3m-commercial/images/m3m-commercial-mobile.jpg]
[www.m3mgurgaon.co.in/m3m-commercial/images/inr-icon.png]
[www.m3mgurgaon.co.in/m3m-commercial/images/deal-offer.png]
[www.m3mgurgaon.co.in/m3m-commercial/images/65thavenue.jpg]
[www.m3mgurgaon.co.in/m3m-commercial/images/M3M-Broadway-s.jpg]
[www.m3mgurgaon.co.in/m3m-commercial/images/m3m-cornar-walk.jpg]
[www.m3mgurgaon.co.in/m3m-commercial/images/sco.jpg]
[www.m3mgurgaon.co.in/m3m-commercial/images/m3m-code-73.jpg]
[www.m3mgurgaon.co.in/m3m-commercial/images/sky-loft.jpg]
[www.m3mgurgaon.co.in/m3m-commercial/images/M3M-Tee-Point.jpg]
[www.m3mgurgaon.co.in/m3m-commercial/images/M3M-Urbana.jpg]
[www.m3mgurgaon.co.in/m3m-commercial/images/M3M-Cosmopolitan.jpg]
[www.m3mgurgaon.co.in/m3m-commercial/images/m3m-international-financial-center-s.jpg]
[www.m3mgurgaon.co.in/m3m-commercial/images/m3m-london-street.jpg]
[www.m3mgurgaon.co.in/m3m-commercial/images/M3M-Urbana-premium.jpg]
[www.m3mgurgaon.co.in/m3m-commercial/images/life-at-park.png]
[www.m3mgurgaon.co.in/m3m-commercial/images/logo-india.png]
[www.m3mgurgaon.co.in/m3m-commercial/disclaimer.html]
[www.m3mgurgaon.co.in/m3m-commercial/js/jquery-viewer.js]
[www.m3mgurgaon.co.in/m3m-commercial/js/bootstrap.min.js]
[www.m3mgurgaon.co.in/m3m-commercial/js/main.js]
[www.m3mgurgaon.co.in/m3m-commercial/js/viewer.js]
[www.m3mgurgaon.co.in/m3m-commercial/indexb391.html]
[www.m3mgurgaon.co.in/m3m-commercial/css/bootstrap.min.css]
[www.m3mgurgaon.co.in/m3m-commercial/fonts/DIN-Regular.woff]
[www.m3mgurgaon.co.in/m3m-commercial/fonts/DIN-Light.woff]
[www.m3mgurgaon.co.in/m3m-commercial/fonts/DIN-Medium.woff]
[www.m3mgurgaon.co.in/m3m-commercial/fonts/DIN-Bold.woff]
[www.m3mgurgaon.co.in/m3m-commercial/css/main.css]
[www.m3mgurgaon.co.in/m3m-commercial/fonts/fontawesome-webfont3e6e.eot]
[www.m3mgurgaon.co.in/m3m-commercial/fonts/fontawesome-webfontd41d.eot]
[www.m3mgurgaon.co.in/m3m-commercial/fonts/fontawesome-webfont3e6e.woff2]
[www.m3mgurgaon.co.in/m3m-commercial/fonts/fontawesome-webfont3e6e.woff]
[www.m3mgurgaon.co.in/m3m-commercial/fonts/fontawesome-webfont3e6e.ttf]
[www.m3mgurgaon.co.in/m3m-commercial/css/font-awesome.min.css]
[www.m3mgurgaon.co.in/m3m-commercial/css/viewer.css]
[www.m3mgurgaon.co.in/m3m-commercial/disclaimer.html]
[www.m3mgurgaon.co.in/m3m-commercial/GET.html]
[www.m3mgurgaon.co.in/m3m-commercial/fonts/DIN-Regular.html]
[www.m3mgurgaon.co.in/m3m-commercial/fonts/DIN-Regulard41d.html]
[www.m3mgurgaon.co.in/m3m-commercial/fonts/DIN-Regular-2.html]
[www.m3mgurgaon.co.in/m3m-commercial/fonts/DIN-Regular-3.html]
[www.m3mgurgaon.co.in/m3m-commercial/fonts/DIN-Light.html]
[www.m3mgurgaon.co.in/m3m-commercial/fonts/DIN-Lightd41d.html]
[www.m3mgurgaon.co.in/m3m-commercial/fonts/DIN-Light-2.html]
[www.m3mgurgaon.co.in/m3m-commercial/fonts/DIN-Light-3.html]
[www.m3mgurgaon.co.in/m3m-commercial/fonts/DIN-Medium.html]
[www.m3mgurgaon.co.in/m3m-commercial/fonts/DIN-Mediumd41d.html]
[www.m3mgurgaon.co.in/m3m-commercial/fonts/DIN-Medium-2.html]
[www.m3mgurgaon.co.in/m3m-commercial/fonts/DIN-Medium-3.html]
[www.m3mgurgaon.co.in/m3m-commercial/fonts/DIN-Bold.html]
[www.m3mgurgaon.co.in/m3m-commercial/fonts/DIN-Boldd41d.html]
[www.m3mgurgaon.co.in/m3m-commercial/fonts/DIN-Bold-2.html]
[www.m3mgurgaon.co.in/m3m-commercial/fonts/DIN-Bold-3.html]
[www.m3mgurgaon.co.in/m3m-commercial/fonts/HighTide.html]
[www.m3mgurgaon.co.in/m3m-commercial/fonts/HighTided41d.html]
[www.m3mgurgaon.co.in/m3m-commercial/fonts/HighTide-2.html]
[www.m3mgurgaon.co.in/m3m-commercial/fonts/HighTide-3.html]
[www.m3mgurgaon.co.in/m3m-commercial/fonts/HighTide-4.html]
[www.m3mgurgaon.co.in/m3m-commercial/fonts/fontawesome-webfont3e6e.svg]
[www.m3mgurgaon.co.in/m3m-commercial/favicon.html]
[www.m3mgurgaon.co.in/m3m-commercial/images/arrow-up.html]
